// Jest Snapshot v1, https://goo.gl/fbAQLP

exports[`<FullFeature /> renders 1`] = `
<div
  className="full-feature"
>
  <Component
    reverse={false}
  >
    <div
      className="side-image "
    >
      <img
        height="250"
        src={[Function]}
        width="250"
      />
    </div>
    <div
      className="text-bottom "
    >
      <div>
        <div
          className="feature-title"
        >
          This is the title
        </div>
        <div
          className="feature-text"
        >
          This is the content inside
        </div>
      </div>
    </div>
  </Component>
</div>
`;
