// Jest Snapshot v1, https://goo.gl/fbAQLP

exports[`<LandingHeader /> renders 1`] = `
<div
  className="landing-header"
>
  <div
    className="logo-text"
  >
    LetUsDo.app
  </div>
  <div
    className="main-content"
  >
    <b>
      Delegate your tasks on-demand.
    </b>
    <div
      className="subtitle"
    >
      Work clutters our minds. Choose what matters, delegate the rest.
    </div>
  </div>
</div>
`;
