// Jest Snapshot v1, https://goo.gl/fbAQLP

exports[`<TaskBox /> on form type  1`] = `
<div
  className="task-modal"
>
  <Component>
    <Card
      body={false}
      className="center-inner"
    >
      <CardBody>
        <CardTitle
          className="task-modal-title left-text"
        >
          What can we do this 
          Tuesday
          ?
        </CardTitle>
        <Form
          className="form-wrapper"
          inline={false}
        >
          <FormGroup>
            <FormControl
              as="textarea"
              className="task-form-input"
              onChange={[Function]}
              placeholder="What task do you need done?"
              rows="3"
              value="Sample task"
            />
          </FormGroup>
        </Form>
        <div
          className="get-it-done-button-wrapper"
        >
          <Button
            active={false}
            className="get-it-done-button"
            disabled={false}
            onClick={[Function]}
            type="button"
            variant="primary"
          >
            Get it done
          </Button>
        </div>
      </CardBody>
    </Card>
  </Component>
</div>
`;

exports[`<TaskBox /> onClick 1`] = `
<div
  className="task-modal"
>
  <Component>
    <Card
      body={false}
      className="center-inner"
    >
      <CardBody>
        <CardTitle
          className="task-modal-title left-text"
        >
          What can we do this 
          Tuesday
          ?
        </CardTitle>
        <Form
          className="form-wrapper"
          inline={false}
        >
          <FormGroup>
            <FormControl
              as="textarea"
              className="task-form-input"
              onChange={[Function]}
              placeholder="What task do you need done?"
              rows="3"
              value="Sample task"
            />
          </FormGroup>
        </Form>
        <div
          className="get-it-done-button-wrapper"
        >
          <Button
            active={false}
            className="get-it-done-button"
            disabled={false}
            onClick={[Function]}
            type="button"
            variant="primary"
          >
            Get it done
          </Button>
        </div>
      </CardBody>
    </Card>
  </Component>
</div>
`;

exports[`<TaskBox /> renders 1`] = `
<div
  className="task-modal"
>
  <Component>
    <Card
      body={false}
      className="center-inner"
    >
      <CardBody>
        <CardTitle
          className="task-modal-title left-text"
        >
          What can we do this 
          Tuesday
          ?
        </CardTitle>
        <Form
          className="form-wrapper"
          inline={false}
        >
          <FormGroup>
            <FormControl
              as="textarea"
              className="task-form-input"
              onChange={[Function]}
              placeholder="What task do you need done?"
              rows="3"
              value="Sample task"
            />
          </FormGroup>
        </Form>
        <div
          className="get-it-done-button-wrapper"
        >
          <Button
            active={false}
            className="get-it-done-button"
            disabled={false}
            onClick={[Function]}
            type="button"
            variant="primary"
          >
            Get it done
          </Button>
        </div>
      </CardBody>
    </Card>
  </Component>
</div>
`;
