// Jest Snapshot v1, https://goo.gl/fbAQLP

exports[`<HomePage /> renders 1`] = `
<Fragment>
  <Component />
  <LoadableComponent />
  <Component />
  <Component />
  <LoadableComponent />
  <Head>
    <script
      async={true}
      defer={true}
      src="https://client.crisp.chat/l.js"
    />
  </Head>
</Fragment>
`;
