// Jest Snapshot v1, https://goo.gl/fbAQLP

exports[`<HomePage /> renders 1`] = `
<Fragment>
  <Component />
  <Suspense
    fallback={
      <div>
        Loading...
      </div>
    }
  >
    <lazy />
  </Suspense>
  <Component />
  <Component />
  <Component />
  <Suspense
    fallback={
      <div>
        Loading...
      </div>
    }
  >
    <lazy />
  </Suspense>
</Fragment>
`;
