// Jest Snapshot v1, https://goo.gl/fbAQLP

exports[`<HomePage /> renders 1`] = `
<Fragment>
  <Component />
  <Suspense
    fallback={<div />}
  >
    <lazy />
  </Suspense>
  <Suspense
    fallback={<div />}
  >
    <lazy />
    <lazy />
    <lazy />
  </Suspense>
  <Component />
  <Suspense
    fallback={<div />}
  >
    <lazy />
  </Suspense>
</Fragment>
`;
