// Jest Snapshot v1, https://goo.gl/fbAQLP

exports[`<FeaturesList /> renders 1`] = `
<div
  className="features-list"
>
  <CenteredContent>
    <ListElement
      content="ffff"
      image={
        Object {
          "process": [Function],
        }
      }
      title="Based in London"
    />
    <ListElement
      content="ffff"
      image={
        Object {
          "process": [Function],
        }
      }
      title="Fixed price for your task"
    />
    <ListElement
      content="ffff"
      image={
        Object {
          "process": [Function],
        }
      }
      title="Worries free service"
    />
  </CenteredContent>
</div>
`;
