// Jest Snapshot v1, https://goo.gl/fbAQLP

exports[`<FullFeature /> renders 1`] = `
<div
  className="full-feature"
>
  <CenteredContent
    reverse={false}
  >
    <div
      className="side-image"
    >
      <Component
        height="250"
        width="250"
      />
    </div>
    <div
      className="text-bottom"
    >
      <div>
        <div
          className="feature-title"
        />
        <div
          className="feature-text"
        />
      </div>
    </div>
  </CenteredContent>
</div>
`;
