// Jest Snapshot v1, https://goo.gl/fbAQLP

exports[`<CheckoutContent /> renders 1`] = `
<Fragment>
  <ModalHeader
    closeButton={true}
    closeLabel="Close"
  >
    <ModalTitle
      id="contained-modal-title-vcenter"
    >
      Confirm order
    </ModalTitle>
  </ModalHeader>
  <ModalBody>
    <div
      className="task-description-title"
    >
      Task description
    </div>
    <div
      className="task-description-content"
    >
      This is a task
    </div>
    <div
      id="email-form"
      style={
        Object {
          "display": "none",
        }
      }
    >
      <EmailForm
        email="email@example.com"
        onChangeEmail={[Function]}
      />
    </div>
    <Component
      loading={false}
    />
  </ModalBody>
</Fragment>
`;
