// Jest Snapshot v1, https://goo.gl/fbAQLP

exports[`<PurchaseCompletedContent /> renders 1`] = `
<Fragment>
  <ModalHeader
    closeButton={true}
    closeLabel="Close"
  >
    <ModalTitle
      id="contained-modal-title-vcenter"
    >
      Purchase confirmed
    </ModalTitle>
  </ModalHeader>
  <ModalBody>
    <div
      className="task-description-title"
    >
      We have received your task and the paymnent has been confirmed.
    </div>
    <div
      className="task-description-content"
    >
      You will receive an update when it's completed. If you have any inquiries in the meantime contact us at: 
      <a
        href="mailto:support@letusdo.app"
      >
        support@letusdo.app
      </a>
    </div>
  </ModalBody>
</Fragment>
`;
