// Jest Snapshot v1, https://goo.gl/fbAQLP

exports[`Integration tests loads index.html page 1`] = `"<!doctype html><html lang=\\"en\\"><head><link rel=\\"preconnect\\" href=\\"https://m.stripe.com\\"/><script async src=\\"https://js.stripe.com/v3/\\"></script><meta name=\\"viewport\\" content=\\"width=device-width,initial-scale=1,maximum-scale=1,user-scalable=no,shrink-to-fit=no\\"/><meta name=\\"HandheldFriendly\\" content=\\"true\\"/><meta http-equiv=\\"X-UA-Compatible\\" content=\\"IE=edge\\"/><meta charset=\\"utf-8\\"/><link rel=\\"stylesheet\\" href=\\"https://maxcdn.bootstrapcdn.com/bootstrap/4.3.1/css/bootstrap.min.css\\" integrity=\\"sha384-ggOyR0iXCbMQv3Xipma34MD+dH/1fQ784/j6cY/iJTQUOhcWr7x9JvoRxT2MZw1T\\" crossorigin=\\"anonymous\\"/><title>Let Us Do</title><link rel=\\"shortcut icon\\" href=\\"/favicon.ico\\"><link href=\\"/main.1e29b55669a7faafcd67.css\\" rel=\\"stylesheet\\"></head><body><div id=\\"app\\"></div><script type=\\"text/javascript\\" src=\\"/main.a8e43cf54a30ee28e206.js\\"></script></body></html>"`;
